HI-TECH Software C Compiler 

Linker command line:

--edf=C:\Program Files (x86)\HI-TECH Software\PICC\9.82\dat\en_msgs.txt -cs \
  -h+Transmitter.sym -z -Q16F877A -ol.obj -MTransmitter.map -E1 \
  -ACONST=00h-0FFhx32 -ACODE=00h-07FFhx4 -ASTRCODE=00h-01FFFh \
  -AENTRY=00h-0FFhx32 -ASTRING=00h-0FFhx32 -ABANK0=020h-06Fh \
  -ABANK1=0A0h-0EFh -ABANK2=0110h-016Fh -ABANK3=0190h-01EFh \
  -ARAM=020h-06Fh,0A0h-0EFh,0110h-016Fh,0190h-01EFh \
  -AABS1=020h-07Fh,0A0h-0EFh,0110h-016Fh,0190h-01EFh -ACOMMON=070h-07Fh \
  -ASFR0=00h-01Fh -ASFR1=080h-09Fh -ASFR2=0100h-010Fh -ASFR3=0180h-018Fh \
  -preset_vec=00h,intentry=04h,init,end_init -ppowerup=CODE -pfunctab=CODE \
  -ACONFIG=02007h-02007h -pconfig=CONFIG -DCONFIG=2 -AIDLOC=02000h-02003h \
  -pidloc=IDLOC -DIDLOC=2 -AEEDATA=00h-0FFh/02100h -peeprom_data=EEDATA \
  -DEEDATA=2 -DCODE=2 -DSTRCODE=2 -DSTRING=2 -DCONST=2 -DENTRY=2 -k \
  startup.obj Transmitter.obj 

Object code version is 3.10

Machine type is 16F877A



                Name                               Link     Load   Length Selector   Space Scale
startup.obj     end_init                             12       12        3        8       0
                reset_vec                             0        0        3        0       0
Transmitter.obj intentry                              4        4        E        8       0
                config                             2007     2007        1     400E       0
                text198                             23B      23B       19        8       0
                text197                              15       15      166        8       0
                text196                             1E8      1E8       1D        8       0
                text195                             220      220       1B        8       0
                text194                             17B      17B       6D        8       0
                maintext                            27B      27B        E        8       0
                cstackBANK0                          34       34        8       20       1
                cstackCOMMON                         70       70        B       70       1
                inittext                            268      268       13        8       0
                dataBANK0                            20       20       14       20       1
                bssBANK0                             3C       3C        6       20       1
                bssCOMMON                            7C       7C        2       70       1
                bitbssCOMMON                        3D8       7B        2       70       1     8
                cinit                               205      205       1B        8       0
                idataBANK0                          254      254       14        8       0

TOTAL           Name                               Link     Load   Length     Space
        CLASS   CONST          

        CLASS   CODE           
                end_init                             12       12        3         0
                intentry                              4        4        E         0
                reset_vec                             0        0        3         0
                text198                             23B      23B       19         0
                text197                              15       15      166         0
                text196                             1E8      1E8       1D         0
                text195                             220      220       1B         0
                text194                             17B      17B       6D         0
                maintext                            27B      27B        E         0
                inittext                            268      268       13         0
                cinit                               205      205       1B         0
                idataBANK0                          254      254       14         0

        CLASS   STRCODE        

        CLASS   ENTRY          

        CLASS   STRING         

        CLASS   BANK0          
                cstackBANK0                          34       34        8         1
                dataBANK0                            20       20       14         1
                bssBANK0                             3C       3C        6         1

        CLASS   BANK1          

        CLASS   BANK2          

        CLASS   BANK3          

        CLASS   RAM            

        CLASS   ABS1           
                abs_s1                               7E       7E        2         1

        CLASS   COMMON         
                cstackCOMMON                         70       70        B         1
                bssCOMMON                            7C       7C        2         1
                bitbssCOMMON                        3D8       7B        2         1

        CLASS   SFR0           

        CLASS   SFR1           

        CLASS   SFR2           

        CLASS   SFR3           

        CLASS   CONFIG         
                config                             2007     2007        1         0

        CLASS   IDLOC          

        CLASS   EEDATA         



SEGMENTS        Name                           Load    Length   Top    Selector   Space  Class     Delta

                reset_vec                      000000  000003  000003         0       0  CODE        2
                intentry                       000004  000285  000289         8       0  CODE        2
                dataBANK0                      000020  000022  000042        20       1  BANK0       1
                cstackCOMMON                   000070  00000E  00007E        70       1  COMMON      1
                config                         002007  000001  002008      400E       0  CONFIG      2


UNUSED ADDRESS RANGES

        Name                Unused          Largest block    Delta
        BANK0            0042-006F             2E           1
        BANK1            00A0-00EF             50           1
        BANK2            0110-016F             60           1
        BANK3            0190-01EF             60           1
        CODE             0003-0003              1           2
                         0289-1FFF            800
        CONST            0003-0003              1           2
                         0289-1FFF            100
        EEDATA           2100-21FF            100           2
        ENTRY            0003-0003              1           2
                         0289-1FFF            100
        IDLOC            2000-2003              4           2
        RAM              0042-006F             2E           1
                         00A0-00EF             50
                         0110-016F             60
                         0190-01EF             60
        SFR0             0000-001F             20           1
        SFR1             0080-009F             20           1
        SFR2             0100-010F             10           1
        SFR3             0180-018F             10           1
        STRCODE          0003-0003              1           2
                         0289-1FFF           1D77
        STRING           0003-0003              1           2
                         0289-1FFF            100

                                  Symbol Table

??_delay              cstackBANK0  0036
??_enable             cstackBANK0  003B
??_init               cstackBANK0  003B
??_main               cstackBANK0  003C
??_tmr2               cstackCOMMON 0075
??i1_delay            cstackCOMMON 0072
?_delay               cstackBANK0  0034
?_enable              cstackBANK0  0039
?_init                cstackCOMMON 0070
?_main                cstackCOMMON 0070
?_tmr2                cstackCOMMON 0070
?i1_delay             cstackCOMMON 0070
_ADCON0               (abs)        001F
_ADCON1               (abs)        009F
_ADIF                 (abs)        0066
_ADRESH               (abs)        001E
_ADRESL               (abs)        009E
_CARRY                (abs)        0018
_CHS0                 (abs)        00FB
_CHS1                 (abs)        00FC
_CHS2                 (abs)        00FD
_CREN                 (abs)        00C4
_EEADR                (abs)        010D
_EECON1               (abs)        018C
_EECON2               (abs)        018D
_EEDATA               (abs)        010C
_GIE                  (abs)        005F
_GO_nDONE             (abs)        00FA
_PEIE                 (abs)        005E
_PORTA                (abs)        0005
_PORTB                (abs)        0006
_PORTC                (abs)        0007
_PORTD                (abs)        0008
_PORTE                (abs)        0009
_PR2                  (abs)        0092
_RA3                  (abs)        002B
_RA4                  (abs)        002C
_RA5                  (abs)        002D
_RBIE                 (abs)        005B
_RBIF                 (abs)        0058
_RCIE                 (abs)        0465
_RCIF                 (abs)        0065
_RCREG                (abs)        001A
_RCSTA                (abs)        0018
_RD                   (abs)        0C60
_RD0                  (abs)        0040
_RD1                  (abs)        0041
_RD2                  (abs)        0042
_SPBRG                (abs)        0099
_SPEN                 (abs)        00C7
_SYNC                 (abs)        04C4
_T2CON                (abs)        0012
_TMR2IE               (abs)        0461
_TMR2IF               (abs)        0061
_TRISA                (abs)        0085
_TRISB                (abs)        0086
_TRISC                (abs)        0087
_TRISD                (abs)        0088
_TRISE0               (abs)        0448
_TRISE1               (abs)        0449
_TRISE2               (abs)        044A
_TX9                  (abs)        04C6
_TX9D                 (abs)        04C0
_TXEN                 (abs)        04C5
_TXREG                (abs)        0019
_TXSTA                (abs)        0098
_WR                   (abs)        0C61
_WREN                 (abs)        0C62
__Habs1               abs1         0000
__Hbank0              bank0        0000
__Hbank1              bank1        0000
__Hbank2              bank2        0000
__Hbank3              bank3        0000
__HbitbssCOMMON       bitbssCOMMON 0000
__HbssBANK0           bssBANK0     0000
__HbssCOMMON          bssCOMMON    0000
__Hcinit              cinit        0000
__Hclrtext            clrtext      0000
__Hcode               code         0000
__Hcommon             common       0000
__Hconfig             config       2008
__HcstackBANK0        cstackBANK0  0000
__HcstackCOMMON       cstackCOMMON 0000
__HdataBANK0          dataBANK0    0000
__Heeprom_data        eeprom_data  0000
__Hend_init           end_init     0015
__Hfunctab            functab      0000
__HidataBANK0         idataBANK0   0000
__Hidloc              idloc        0000
__Hinit               init         0012
__Hinittext           inittext     0000
__Hintentry           intentry     0012
__Hmaintext           maintext     0000
__Hpowerup            powerup      0000
__Hram                ram          0000
__Hreset_vec          reset_vec    0003
__Hsfr0               sfr0         0000
__Hsfr1               sfr1         0000
__Hsfr2               sfr2         0000
__Hsfr3               sfr3         0000
__Hstrings            strings      0000
__Htext               text         0000
__Labs1               abs1         0000
__Lbank0              bank0        0000
__Lbank1              bank1        0000
__Lbank2              bank2        0000
__Lbank3              bank3        0000
__LbitbssCOMMON       bitbssCOMMON 0000
__LbssBANK0           bssBANK0     0000
__LbssCOMMON          bssCOMMON    0000
__Lcinit              cinit        0000
__Lclrtext            clrtext      0000
__Lcode               code         0000
__Lcommon             common       0000
__Lconfig             config       2007
__LcstackBANK0        cstackBANK0  0000
__LcstackCOMMON       cstackCOMMON 0000
__LdataBANK0          dataBANK0    0000
__Leeprom_data        eeprom_data  0000
__Lend_init           end_init     0012
__Lfunctab            functab      0000
__LidataBANK0         idataBANK0   0000
__Lidloc              idloc        0000
__Linit               init         0012
__Linittext           inittext     0000
__Lintentry           intentry     0004
__Lmaintext           maintext     0000
__Lpowerup            powerup      0000
__Lram                ram          0000
__Lreset_vec          reset_vec    0000
__Lsfr0               sfr0         0000
__Lsfr1               sfr1         0000
__Lsfr2               sfr2         0000
__Lsfr3               sfr3         0000
__Lstrings            strings      0000
__Ltext               text         0000
__S0                  (abs)        2008
__S1                  (abs)        007E
__S2                  (abs)        0000
__end_of_delay        text196      0205
__end_of_enable       text195      023B
__end_of_init         text194      01E8
__end_of_main         maintext     0289
__end_of_tmr2         text197      017B
__end_ofi1_delay      text198      0254
__pbitbssCOMMON       bitbssCOMMON 03D8
__pbssBANK0           bssBANK0     003C
__pbssCOMMON          bssCOMMON    007C
__pcstackBANK0        cstackBANK0  0034
__pcstackCOMMON       cstackCOMMON 0070
__pdataBANK0          dataBANK0    0020
__pidataBANK0         idataBANK0   0254
__pintentry           intentry     0004
__pmaintext           maintext     027B
__ptext194            text194      017B
__ptext195            text195      0220
__ptext196            text196      01E8
__ptext197            text197      0015
__ptext198            text198      023B
__ptext199            text199      0000
__size_of_delay       (abs)        0000
__size_of_enable      (abs)        0000
__size_of_init        (abs)        0000
__size_of_main        (abs)        0000
__size_of_tmr2        (abs)        0000
__size_ofi1_delay     (abs)        0000
_cdata                bssCOMMON    007C
_cflag                bitbssCOMMON 03D8
_data                 bssBANK0     003E
_delay                text196      01E8
_enable               text195      0220
_exit                 init         0012
_flag                 bitbssCOMMON 03D9
_init                 text194      017B
_main                 maintext     027B
_nRBPU                (abs)        040F
_s                    dataBANK0    0020
_tmr2                 text197      0015
_x                    bssBANK0     003C
_y                    bssBANK0     003D
_z                    bssCOMMON    007D
btemp                 (abs)        007E
delay@i               cstackBANK0  0037
delay@t               cstackBANK0  0034
enable@t              cstackBANK0  0039
end_of_initialization cinit        021C
i1_delay              text198      023B
i1delay@i             cstackCOMMON 0073
i1delay@t             cstackCOMMON 0070
init_fetch            inittext     0268
init_ram              inittext     026C
interrupt_function    intentry     0004
intlevel0             functab      0000
intlevel1             functab      0000
intlevel2             functab      0000
intlevel3             functab      0000
intlevel4             functab      0000
intlevel5             functab      0000
reset_vec             reset_vec    0000
saved_w               (abs)        007E
start                 init         0012
start_initialization  cinit        0205
wtemp0                (abs)        007E
