HI-TECH Software C Compiler 

Linker command line:

--edf=C:\Program Files (x86)\HI-TECH Software\PICC\9.82\dat\en_msgs.txt -cs \
  -h+Task_re.sym -z -Q16F877A -ol.obj -MTask_re.map -E1 -ACONST=00h-0FFhx32 \
  -ACODE=00h-07FFhx4 -ASTRCODE=00h-01FFFh -AENTRY=00h-0FFhx32 \
  -ASTRING=00h-0FFhx32 -ABANK0=020h-06Fh -ABANK1=0A0h-0EFh \
  -ABANK2=0110h-016Fh -ABANK3=0190h-01EFh \
  -ARAM=020h-06Fh,0A0h-0EFh,0110h-016Fh,0190h-01EFh \
  -AABS1=020h-07Fh,0A0h-0EFh,0110h-016Fh,0190h-01EFh -ACOMMON=070h-07Fh \
  -ASFR0=00h-01Fh -ASFR1=080h-09Fh -ASFR2=0100h-010Fh -ASFR3=0180h-018Fh \
  -preset_vec=00h,intentry=04h,init,end_init -ppowerup=CODE -pfunctab=CODE \
  -ACONFIG=02007h-02007h -pconfig=CONFIG -DCONFIG=2 -AIDLOC=02000h-02003h \
  -pidloc=IDLOC -DIDLOC=2 -AEEDATA=00h-0FFh/02100h -peeprom_data=EEDATA \
  -DEEDATA=2 -DCODE=2 -DSTRCODE=2 -DSTRING=2 -DCONST=2 -DENTRY=2 -k \
  startup.obj Task_re.obj 

Object code version is 3.10

Machine type is 16F877A



                Name                               Link     Load   Length Selector   Space Scale
startup.obj     end_init                             12       12        3        8       0
                reset_vec                             0        0        3        0       0
Task_re.obj     intentry                              4        4        E        8       0
                config                             2007     2007        1     400E       0
                text380                             14F      14F       66        8       0
                text379                             2DC      2DC       1D        8       0
                text378                              BD       BD       92        8       0
                text377                              15       15       A8        8       0
                text376                             315      315       1B        8       0
                text375                             1B5      1B5       58        8       0
                text374                             25E      25E       3F        8       0
                text373                             20D      20D       51        8       0
                text372                             29D      29D       21        8       0
                maintext                            2BE      2BE       1E        8       0
                cstackBANK0                          20       20       20       20       1
                cstackCOMMON                         70       70        7       70       1
                inittext                            344      344       13        8       0
                clrtext                             357      357        8        8       0
                dataBANK0                            57       57       14       20       1
                bssBANK0                             40       40       17       20       1
                bssCOMMON                            78       78        1       70       1
                bitbssCOMMON                        3B8       77        2       70       1     8
                cinit                               2F9      2F9       1C        8       0
                idataBANK0                          330      330       14        8       0

TOTAL           Name                               Link     Load   Length     Space
        CLASS   CONST          

        CLASS   CODE           
                end_init                             12       12        3         0
                intentry                              4        4        E         0
                reset_vec                             0        0        3         0
                text380                             14F      14F       66         0
                text379                             2DC      2DC       1D         0
                text378                              BD       BD       92         0
                text377                              15       15       A8         0
                text376                             315      315       1B         0
                text375                             1B5      1B5       58         0
                text374                             25E      25E       3F         0
                text373                             20D      20D       51         0
                text372                             29D      29D       21         0
                maintext                            2BE      2BE       1E         0
                inittext                            344      344       13         0
                clrtext                             357      357        8         0
                cinit                               2F9      2F9       1C         0
                idataBANK0                          330      330       14         0

        CLASS   STRCODE        

        CLASS   ENTRY          

        CLASS   STRING         

        CLASS   BANK0          
                cstackBANK0                          20       20       20         1
                dataBANK0                            57       57       14         1
                bssBANK0                             40       40       17         1

        CLASS   BANK1          

        CLASS   BANK2          

        CLASS   BANK3          

        CLASS   RAM            

        CLASS   ABS1           
                abs_s1                               7E       7E        2         1

        CLASS   COMMON         
                cstackCOMMON                         70       70        7         1
                bssCOMMON                            78       78        1         1
                bitbssCOMMON                        3B8       77        2         1

        CLASS   SFR0           

        CLASS   SFR1           

        CLASS   SFR2           

        CLASS   SFR3           

        CLASS   CONFIG         
                config                             2007     2007        1         0

        CLASS   IDLOC          

        CLASS   EEDATA         



SEGMENTS        Name                           Load    Length   Top    Selector   Space  Class     Delta

                reset_vec                      000000  000003  000003         0       0  CODE        2
                intentry                       000004  00035B  00035F         8       0  CODE        2
                cstackBANK0                    000020  00004B  00006B        20       1  BANK0       1
                cstackCOMMON                   000070  000009  000079        70       1  COMMON      1
                config                         002007  000001  002008      400E       0  CONFIG      2


UNUSED ADDRESS RANGES

        Name                Unused          Largest block    Delta
        BANK0            006B-006F              5           1
        BANK1            00A0-00EF             50           1
        BANK2            0110-016F             60           1
        BANK3            0190-01EF             60           1
        CODE             0003-0003              1           2
                         035F-1FFF            800
        COMMON           0079-007D              5           1
        CONST            0003-0003              1           2
                         035F-1FFF            100
        EEDATA           2100-21FF            100           2
        ENTRY            0003-0003              1           2
                         035F-1FFF            100
        IDLOC            2000-2003              4           2
        RAM              006B-006F              5           1
                         00A0-00EF             50
                         0110-016F             60
                         0190-01EF             60
        SFR0             0000-001F             20           1
        SFR1             0080-009F             20           1
        SFR2             0100-010F             10           1
        SFR3             0180-018F             10           1
        STRCODE          0003-0003              1           2
                         035F-1FFF           1CA1
        STRING           0003-0003              1           2
                         035F-1FFF            100

                                  Symbol Table

??___aldiv            cstackCOMMON 0075
??___almod            cstackCOMMON 0075
??_ccp1               cstackCOMMON 0070
??_delay              cstackBANK0  0020
??_enable             cstackCOMMON 0077
??_init               cstackCOMMON 0077
??_main               cstackCOMMON 0077
??_show               cstackBANK0  003F
??_show_a             cstackBANK0  003C
??_tostring           cstackBANK0  0033
?___aldiv             cstackBANK0  0020
?___almod             cstackBANK0  0020
?_ccp1                cstackCOMMON 0070
?_delay               cstackCOMMON 0075
?_enable              cstackBANK0  0023
?_init                cstackCOMMON 0070
?_main                cstackCOMMON 0070
?_show                cstackCOMMON 0070
?_show_a              cstackBANK0  0037
?_tostring            cstackBANK0  002E
_ADCON1               (abs)        009F
_CARRY                (abs)        0018
_CCP1CON              (abs)        0017
_CCP1IE               (abs)        0462
_CCP1IF               (abs)        0062
_CCP1M0               (abs)        00B8
_CCPR1H               (abs)        0016
_EEADR                (abs)        010D
_EECON1               (abs)        018C
_EECON2               (abs)        018D
_EEDATA               (abs)        010C
_GIE                  (abs)        005F
_PEIE                 (abs)        005E
_PORTD                (abs)        0008
_RA3                  (abs)        002B
_RA4                  (abs)        002C
_RA5                  (abs)        002D
_RC7                  (abs)        003F
_RD                   (abs)        0C60
_T1CON                (abs)        0010
_TMR1H                (abs)        000F
_TMR1IF               (abs)        0060
_TMR1L                (abs)        000E
_TMR1ON               (abs)        0080
_TRISA                (abs)        0085
_TRISB                (abs)        0086
_TRISC2               (abs)        043A
_TRISC7               (abs)        043F
_TRISD                (abs)        0088
_WR                   (abs)        0C61
_WREN                 (abs)        0C62
__Habs1               abs1         0000
__Hbank0              bank0        0000
__Hbank1              bank1        0000
__Hbank2              bank2        0000
__Hbank3              bank3        0000
__HbitbssCOMMON       bitbssCOMMON 0000
__HbssBANK0           bssBANK0     0000
__HbssCOMMON          bssCOMMON    0000
__Hcinit              cinit        0000
__Hclrtext            clrtext      0000
__Hcode               code         0000
__Hcommon             common       0000
__Hconfig             config       2008
__HcstackBANK0        cstackBANK0  0000
__HcstackCOMMON       cstackCOMMON 0000
__HdataBANK0          dataBANK0    0000
__Heeprom_data        eeprom_data  0000
__Hend_init           end_init     0015
__Hfunctab            functab      0000
__HidataBANK0         idataBANK0   0000
__Hidloc              idloc        0000
__Hinit               init         0012
__Hinittext           inittext     0000
__Hintentry           intentry     0012
__Hmaintext           maintext     0000
__Hpowerup            powerup      0000
__Hram                ram          0000
__Hreset_vec          reset_vec    0003
__Hsfr0               sfr0         0000
__Hsfr1               sfr1         0000
__Hsfr2               sfr2         0000
__Hsfr3               sfr3         0000
__Hstrings            strings      0000
__Htext               text         0000
__Labs1               abs1         0000
__Lbank0              bank0        0000
__Lbank1              bank1        0000
__Lbank2              bank2        0000
__Lbank3              bank3        0000
__LbitbssCOMMON       bitbssCOMMON 0000
__LbssBANK0           bssBANK0     0000
__LbssCOMMON          bssCOMMON    0000
__Lcinit              cinit        0000
__Lclrtext            clrtext      0000
__Lcode               code         0000
__Lcommon             common       0000
__Lconfig             config       2007
__LcstackBANK0        cstackBANK0  0000
__LcstackCOMMON       cstackCOMMON 0000
__LdataBANK0          dataBANK0    0000
__Leeprom_data        eeprom_data  0000
__Lend_init           end_init     0012
__Lfunctab            functab      0000
__LidataBANK0         idataBANK0   0000
__Lidloc              idloc        0000
__Linit               init         0012
__Linittext           inittext     0000
__Lintentry           intentry     0004
__Lmaintext           maintext     0000
__Lpowerup            powerup      0000
__Lram                ram          0000
__Lreset_vec          reset_vec    0000
__Lsfr0               sfr0         0000
__Lsfr1               sfr1         0000
__Lsfr2               sfr2         0000
__Lsfr3               sfr3         0000
__Lstrings            strings      0000
__Ltext               text         0000
__S0                  (abs)        2008
__S1                  (abs)        0079
__S2                  (abs)        0000
___aldiv              text377      0015
___aldiv@counter      cstackBANK0  0028
___aldiv@dividend     cstackBANK0  0024
___aldiv@divisor      cstackBANK0  0020
___aldiv@quotient     cstackBANK0  002A
___aldiv@sign         cstackBANK0  0029
___almod              text378      00BD
___almod@counter      cstackBANK0  0028
___almod@dividend     cstackBANK0  0024
___almod@divisor      cstackBANK0  0020
___almod@sign         cstackBANK0  0029
__end_of___aldiv      text377      00BD
__end_of___almod      text378      014F
__end_of_ccp1         text380      01B5
__end_of_delay        text379      02F9
__end_of_enable       text376      0330
__end_of_init         text374      029D
__end_of_main         maintext     02DC
__end_of_show         text372      02BE
__end_of_show_a       text373      025E
__end_of_tostring     text375      020D
__pbitbssCOMMON       bitbssCOMMON 03B8
__pbssBANK0           bssBANK0     0040
__pbssCOMMON          bssCOMMON    0078
__pcstackBANK0        cstackBANK0  0020
__pcstackCOMMON       cstackCOMMON 0070
__pdataBANK0          dataBANK0    0057
__pidataBANK0         idataBANK0   0330
__pintentry           intentry     0004
__pmaintext           maintext     02BE
__ptext372            text372      029D
__ptext373            text373      020D
__ptext374            text374      025E
__ptext375            text375      01B5
__ptext376            text376      0315
__ptext377            text377      0015
__ptext378            text378      00BD
__ptext379            text379      02DC
__ptext380            text380      014F
__ptext381            text381      0000
__size_of___aldiv     (abs)        0000
__size_of___almod     (abs)        0000
__size_of_ccp1        (abs)        0000
__size_of_delay       (abs)        0000
__size_of_enable      (abs)        0000
__size_of_init        (abs)        0000
__size_of_main        (abs)        0000
__size_of_show        (abs)        0000
__size_of_show_a      (abs)        0000
__size_of_tostring    (abs)        0000
_a                    bssBANK0     0040
_ccp1                 text380      014F
_data                 bssBANK0     004F
_delay                text379      02DC
_enable               text376      0315
_end                  bssCOMMON    0078
_exit                 init         0012
_flag                 bitbssCOMMON 03B8
_init                 text374      025E
_main                 maintext     02BE
_s                    dataBANK0    0057
_show                 text372      029D
_show_a               text373      020D
_showdata             bssBANK0     0053
_showflag             bitbssCOMMON 03B9
_tostring             text375      01B5
btemp                 (abs)        007E
clear_ram             clrtext      0357
delay@i               cstackBANK0  0021
delay@t               cstackCOMMON 0075
enable@t              cstackBANK0  0023
end_of_initialization cinit        0311
init_fetch            inittext     0344
init_ram              inittext     0348
interrupt_function    intentry     0004
intlevel0             functab      0000
intlevel1             functab      0000
intlevel2             functab      0000
intlevel3             functab      0000
intlevel4             functab      0000
intlevel5             functab      0000
reset_vec             reset_vec    0000
saved_w               (abs)        007E
show_a@i              cstackBANK0  003D
show_a@s              cstackBANK0  003B
show_a@x              cstackBANK0  0037
start                 init         0012
start_initialization  cinit        02F9
tostring@i            cstackBANK0  0035
tostring@s            cstackBANK0  0032
tostring@x            cstackBANK0  002E
wtemp0                (abs)        007E
